<html>
<body>
<pre>
<h1>µVision Build Log</h1>
<h2>Tool Versions:</h2>
IDE-Version: µVision V5.17.0.0
Copyright (C) 2015 ARM Ltd and ARM Germany GmbH. All rights reserved.
License Information: Thuong Microsoft, Microsoft, LIC=76F63-AWJ42-TGN7T-RXUG7-3TT5M-6C39I
 
Tool Versions:
Toolchain:       MDK-ARM Standard  Version: 5.17
Toolchain Path:  C:\Keil_v5\ARM\ARMCC\Bin
C Compiler:      Armcc.exe V5.06 update 1 (build 61)
Assembler:       Armasm.exe V5.06 update 1 (build 61)
Linker/Locator:  ArmLink.exe V5.06 update 1 (build 61)
Library Manager: ArmAr.exe V5.06 update 1 (build 61)
Hex Converter:   FromElf.exe V5.06 update 1 (build 61)
CPU DLL:         SARMCM3.DLL V5.17
Dialog DLL:      DCM.DLL V1.13.4.0
Target DLL:      STLink\ST-LINKIII-KEIL_SWO.dll V2.0.18.0
Dialog DLL:      TCM.DLL V1.14.6.0
 
<h2>Project:</h2>
C:\Users\Thuong\Documents\Keil C5\Air_V2\FreeRTOS_GPS_6.12.2018_LibV2\RTOS\MDK-ARM\RTOS.uvprojx
Project File Date:  05/17/2018

<h2>Output:</h2>
*** Using Compiler 'V5.06 update 1 (build 61)', folder: 'C:\Keil_v5\ARM\ARMCC\Bin'
Build target 'RTOS'
compiling system_stm32f1xx.c...
compiling stm32f1xx_hal_msp.c...
compiling main.c...
../Inc/gpsneo.h(70): warning:  #1-D: last line of file ends without a newline
  #endif /* _PMS7003_H_ */
../Src/main.c: 1 warning, 0 errors
compiling freertos.c...
compiling stm32f1xx_it.c...
compiling gpsneo.c...
../Inc/gpsneo.h(70): warning:  #1-D: last line of file ends without a newline
  #endif /* _PMS7003_H_ */
..\Src\gpsneo.c(401): warning:  #1-D: last line of file ends without a newline
  	}
..\Src\gpsneo.c: 2 warnings, 0 errors
compiling stm32f1xx_hal_tim.c...
compiling stm32f1xx_hal_flash.c...
compiling stm32f1xx_hal_cortex.c...
compiling stm32f1xx_hal_rcc_ex.c...
compiling stm32f1xx_hal_dma.c...
compiling stm32f1xx_hal_flash_ex.c...
compiling stm32f1xx_hal_tim_ex.c...
compiling stm32f1xx_hal_pwr.c...
compiling stm32f1xx_hal_uart.c...
compiling stm32f1xx_hal.c...
compiling port.c...
compiling timers.c...
compiling stm32f1xx_hal_rcc.c...
compiling stm32f1xx_hal_gpio.c...
compiling croutine.c...
compiling list.c...
compiling event_groups.c...
compiling heap_4.c...
compiling cmsis_os.c...
compiling queue.c...
assembling startup_stm32f103xb.s...
compiling tasks.c...
linking...
Program Size: Code=9708 RO-data=348 RW-data=140 ZI-data=4828  
"RTOS\RTOS.axf" - 0 Error(s), 3 Warning(s).

<h2>Software Packages used:</h2>

Package Vendor: ARM
                http://www.keil.com/pack/ARM.CMSIS.4.5.0.pack
                ARM::CMSIS:CORE:4.3.0
                CMSIS (Cortex Microcontroller Software Interface Standard)
   * Component: CORE Version: 4.3.0

<h2>Collection of Component include folders:</h2>
  C:\Users\Thuong\Documents\Keil C5\Air_V2\FreeRTOS_GPS_6.12.2018_LibV2\RTOS\MDK-ARM\RTE
  C:\Keil_v5\ARM\PACK\ARM\CMSIS\4.5.0\CMSIS\Include
  C:\Keil_v5\ARM\PACK\Keil\STM32F1xx_DFP\2.2.0\Device\Include

<h2>Collection of Component Files used:</h2>

   * Component: ARM::CMSIS:CORE:4.3.0
Build Time Elapsed:  00:00:11
</pre>
</body>
</html>
